1.0 0.1 0.7 1.0 0.1 1 1.00 0.143 1.0 0.75 0.12 0.12
0.5 0.1 1.4 0.5 0.1 0 0.50 0.143 1.0 0.75 0.12 0.12
0.3333333333333333 0.1 2.0999999999999996 0.33 0.1 0 0.33 0.143 1.0 0.75 0.12 0.12
0.25 0.1 2.8 0.25 0.1 0 0.25 0.143 1.0 0.75 0.12 0.12
0.2 0.1 3.5 0.2 0.2 0 0.20 0.143 1.0 0.75 0.12 0.12
0.16666666666666666 0.1 4.199999999999999 0.17 0.2 0 0.17 0.143 1.0 0.75 0.12 0.12
0.14285714285714285 0.1 4.8999999999999995 0.14 0.2 0 0.14 0.143 1.0 0.75 0.12 0.12
0.125 0.1 5.6 0.12 0.2 0 0.12 0.143 1.0 0.75 0.12 0.12
0.1111111111111111 0.1 6.3 0.11 0.2 0 0.11 0.143 1.0 0.75 0.12 0.12
0.1 0.1 7.0 0.1 0.2 0 0.10 0.143 1.0 0.75 0.12 0.12
0.09090909090909091 0.1 7.699999999999999 0.09 0.2 0 0.09 0.143 1.0 0.75 0.12 0.12
0.08333333333333333 0.1 8.399999999999999 0.08 0.2 0 0.08 0.143 1.0 0.75 0.12 0.12
0.07692307692307693 0.1 9.1 0.08 0.2 0 0.08 0.143 1.0 0.75 0.12 0.12
2.0 0.2 0.7 2.0 0.2 2 2.00 0.286 2.0 1.25 0.25 0.25
1.0 0.2 1.4 1.0 0.2 1 1.00 0.286 2.0 1.25 0.25 0.25
0.6666666666666666 0.2 2.0999999999999996 0.67 0.2 1 0.67 0.286 2.0 1.25 0.25 0.25
0.5 0.2 2.8 0.5 0.2 0 0.50 0.286 2.0 1.25 0.25 0.25
0.4 0.2 3.5 0.4 0.2 0 0.40 0.286 2.0 1.25 0.25 0.25
0.3333333333333333 0.2 4.199999999999999 0.33 0.3 0 0.33 0.286 2.0 1.25 0.25 0.25
0.2857142857142857 0.2 4.8999999999999995 0.29 0.3 0 0.29 0.286 2.0 1.25 0.25 0.25
0.25 0.2 5.6 0.25 0.3 0 0.25 0.286 2.0 1.25 0.25 0.25
0.2222222222222222 0.2 6.3 0.22 0.3 0 0.22 0.286 2.0 1.25 0.25 0.25
0.2 0.2 7.0 0.2 0.3 0 0.20 0.286 2.0 1.25 0.25 0.25
0.18181818181818182 0.2 7.699999999999999 0.18 0.3 0 0.18 0.286 2.0 1.25 0.25 0.25
0.16666666666666666 0.2 8.399999999999999 0.17 0.3 0 0.17 0.286 2.0 1.25 0.25 0.25
0.15384615384615385 0.2 9.1 0.15 0.3 0 0.15 0.286 2.0 1.25 0.25 0.25
3.0 0.30000000000000004 0.7 3.0 0.3 3 3.00 0.429 3.0 1.75 0.38 0.38
1.5 0.30000000000000004 1.4 1.5 0.3 2 1.50 0.429 3.0 1.75 0.38 0.38
1.0 0.30000000000000004 2.0999999999999996 1.0 0.3 1 1.00 0.429 3.0 1.75 0.38 0.38
0.75 0.30000000000000004 2.8 0.75 0.3 1 0.75 0.429 3.0 1.75 0.38 0.38
0.6 0.30000000000000004 3.5 0.6 0.4 1 0.60 0.429 3.0 1.75 0.38 0.38
0.5 0.30000000000000004 4.199999999999999 0.5 0.4 0 0.50 0.429 3.0 1.75 0.38 0.38
0.42857142857142855 0.30000000000000004 4.8999999999999995 0.43 0.4 0 0.43 0.429 3.0 1.75 0.38 0.38
0.375 0.30000000000000004 5.6 0.38 0.4 0 0.38 0.429 3.0 1.75 0.38 0.38
0.3333333333333333 0.30000000000000004 6.3 0.33 0.4 0 0.33 0.429 3.0 1.75 0.38 0.38
0.3 0.30000000000000004 7.0 0.3 0.4 0 0.30 0.429 3.0 1.75 0.38 0.38
0.2727272727272727 0.30000000000000004 7.699999999999999 0.27 0.4 0 0.27 0.429 3.0 1.75 0.38 0.38
0.25 0.30000000000000004 8.399999999999999 0.25 0.4 0 0.25 0.429 3.0 1.75 0.38 0.38
0.23076923076923078 0.30000000000000004 9.1 0.23 0.4 0 0.23 0.429 3.0 1.75 0.38 0.38
4.0 0.4 0.7 4.0 0.4 4 4.00 0.571 4.0 2.25 0.5 0.50
2.0 0.4 1.4 2.0 0.4 2 2.00 0.571 4.0 2.25 0.5 0.50
1.3333333333333333 0.4 2.0999999999999996 1.33 0.4 1 1.33 0.571 4.0 2.25 0.5 0.50
1.0 0.4 2.8 1.0 0.4 1 1.00 0.571 4.0 2.25 0.5 0.50
0.8 0.4 3.5 0.8 0.5 1 0.80 0.571 4.0 2.25 0.5 0.50
0.6666666666666666 0.4 4.199999999999999 0.67 0.5 1 0.67 0.571 4.0 2.25 0.5 0.50
0.5714285714285714 0.4 4.8999999999999995 0.57 0.5 1 0.57 0.571 4.0 2.25 0.5 0.50
0.5 0.4 5.6 0.5 0.5 0 0.50 0.571 4.0 2.25 0.5 0.50
0.4444444444444444 0.4 6.3 0.44 0.5 0 0.44 0.571 4.0 2.25 0.5 0.50
0.4 0.4 7.0 0.4 0.5 0 0.40 0.571 4.0 2.25 0.5 0.50
0.36363636363636365 0.4 7.699999999999999 0.36 0.5 0 0.36 0.571 4.0 2.25 0.5 0.50
0.3333333333333333 0.4 8.399999999999999 0.33 0.5 0 0.33 0.571 4.0 2.25 0.5 0.50
0.3076923076923077 0.4 9.1 0.31 0.5 0 0.31 0.571 4.0 2.25 0.5 0.50
5.0 0.5 0.7 5.0 0.5 5 5.00 0.714 5.0 2.75 0.62 0.62
2.5 0.5 1.4 2.5 0.5 2 2.50 0.714 5.0 2.75 0.62 0.62
1.6666666666666667 0.5 2.0999999999999996 1.67 0.5 2 1.67 0.714 5.0 2.75 0.62 0.62
1.25 0.5 2.8 1.25 0.5 1 1.25 0.714 5.0 2.75 0.62 0.62
1.0 0.5 3.5 1.0 0.6 1 1.00 0.714 5.0 2.75 0.62 0.62
0.8333333333333334 0.5 4.199999999999999 0.83 0.6 1 0.83 0.714 5.0 2.75 0.62 0.62
0.7142857142857143 0.5 4.8999999999999995 0.71 0.6 1 0.71 0.714 5.0 2.75 0.62 0.62
0.625 0.5 5.6 0.62 0.6 1 0.62 0.714 5.0 2.75 0.62 0.62
0.5555555555555556 0.5 6.3 0.56 0.6 1 0.56 0.714 5.0 2.75 0.62 0.62
0.5 0.5 7.0 0.5 0.6 0 0.50 0.714 5.0 2.75 0.62 0.62
0.45454545454545453 0.5 7.699999999999999 0.45 0.6 0 0.45 0.714 5.0 2.75 0.62 0.62
0.4166666666666667 0.5 8.399999999999999 0.42 0.6 0 0.42 0.714 5.0 2.75 0.62 0.62
0.38461538461538464 0.5 9.1 0.38 0.6 0 0.38 0.714 5.0 2.75 0.62 0.62
6.0 0.6000000000000001 0.7 6.0 0.6 6 6.00 0.857 6.0 3.25 0.75 0.75
3.0 0.6000000000000001 1.4 3.0 0.6 3 3.00 0.857 6.0 3.25 0.75 0.75
2.0 0.6000000000000001 2.0999999999999996 2.0 0.6 2 2.00 0.857 6.0 3.25 0.75 0.75
1.5 0.6000000000000001 2.8 1.5 0.6 2 1.50 0.857 6.0 3.25 0.75 0.75
1.2 0.6000000000000001 3.5 1.2 0.7 1 1.20 0.857 6.0 3.25 0.75 0.75
1.0 0.6000000000000001 4.199999999999999 1.0 0.7 1 1.00 0.857 6.0 3.25 0.75 0.75
0.8571428571428571 0.6000000000000001 4.8999999999999995 0.86 0.7 1 0.86 0.857 6.0 3.25 0.75 0.75
0.75 0.6000000000000001 5.6 0.75 0.7 1 0.75 0.857 6.0 3.25 0.75 0.75
0.6666666666666666 0.6000000000000001 6.3 0.67 0.7 1 0.67 0.857 6.0 3.25 0.75 0.75
0.6 0.6000000000000001 7.0 0.6 0.7 1 0.60 0.857 6.0 3.25 0.75 0.75
0.5454545454545454 0.6000000000000001 7.699999999999999 0.55 0.7 1 0.55 0.857 6.0 3.25 0.75 0.75
0.5 0.6000000000000001 8.399999999999999 0.5 0.7 0 0.50 0.857 6.0 3.25 0.75 0.75
0.46153846153846156 0.6000000000000001 9.1 0.46 0.7 0 0.46 0.857 6.0 3.25 0.75 0.75
7.0 0.7000000000000001 0.7 7.0 0.7 7 7.00 1.000 7.0 3.75 0.88 0.88
3.5 0.7000000000000001 1.4 3.5 0.7 4 3.50 1.000 7.0 3.75 0.88 0.88
2.3333333333333335 0.7000000000000001 2.0999999999999996 2.33 0.7 2 2.33 1.000 7.0 3.75 0.88 0.88
1.75 0.7000000000000001 2.8 1.75 0.7 2 1.75 1.000 7.0 3.75 0.88 0.88
1.4 0.7000000000000001 3.5 1.4 0.8 1 1.40 1.000 7.0 3.75 0.88 0.88
1.1666666666666667 0.7000000000000001 4.199999999999999 1.17 0.8 1 1.17 1.000 7.0 3.75 0.88 0.88
1.0 0.7000000000000001 4.8999999999999995 1.0 0.8 1 1.00 1.000 7.0 3.75 0.88 0.88
0.875 0.7000000000000001 5.6 0.88 0.8 1 0.88 1.000 7.0 3.75 0.88 0.88
0.7777777777777778 0.7000000000000001 6.3 0.78 0.8 1 0.78 1.000 7.0 3.75 0.88 0.88
0.7 0.7000000000000001 7.0 0.7 0.8 1 0.70 1.000 7.0 3.75 0.88 0.88
0.6363636363636364 0.7000000000000001 7.699999999999999 0.64 0.8 1 0.64 1.000 7.0 3.75 0.88 0.88
0.5833333333333334 0.7000000000000001 8.399999999999999 0.58 0.8 1 0.58 1.000 7.0 3.75 0.88 0.88
0.5384615384615384 0.7000000000000001 9.1 0.54 0.8 1 0.54 1.000 7.0 3.75 0.88 0.88
8.0 0.8 0.7 8.0 0.8 8 8.00 1.143 8.0 4.25 1.0 1.00
4.0 0.8 1.4 4.0 0.8 4 4.00 1.143 8.0 4.25 1.0 1.00
2.6666666666666665 0.8 2.0999999999999996 2.67 0.8 3 2.67 1.143 8.0 4.25 1.0 1.00
2.0 0.8 2.8 2.0 0.8 2 2.00 1.143 8.0 4.25 1.0 1.00
1.6 0.8 3.5 1.6 0.9 2 1.60 1.143 8.0 4.25 1.0 1.00
1.3333333333333333 0.8 4.199999999999999 1.33 0.9 1 1.33 1.143 8.0 4.25 1.0 1.00
1.1428571428571428 0.8 4.8999999999999995 1.14 0.9 1 1.14 1.143 8.0 4.25 1.0 1.00
1.0 0.8 5.6 1.0 0.9 1 1.00 1.143 8.0 4.25 1.0 1.00
0.8888888888888888 0.8 6.3 0.89 0.9 1 0.89 1.143 8.0 4.25 1.0 1.00
0.8 0.8 7.0 0.8 0.9 1 0.80 1.143 8.0 4.25 1.0 1.00
0.7272727272727273 0.8 7.699999999999999 0.73 0.9 1 0.73 1.143 8.0 4.25 1.0 1.00
0.6666666666666666 0.8 8.399999999999999 0.67 0.9 1 0.67 1.143 8.0 4.25 1.0 1.00
0.6153846153846154 0.8 9.1 0.62 0.9 1 0.62 1.143 8.0 4.25 1.0 1.00
9.0 0.9 0.7 9.0 0.9 9 9.00 1.286 9.0 4.75 1.12 1.12
4.5 0.9 1.4 4.5 0.9 4 4.50 1.286 9.0 4.75 1.12 1.12
3.0 0.9 2.0999999999999996 3.0 0.9 3 3.00 1.286 9.0 4.75 1.12 1.12
2.25 0.9 2.8 2.25 0.9 2 2.25 1.286 9.0 4.75 1.12 1.12
1.8 0.9 3.5 1.8 1.0 2 1.80 1.286 9.0 4.75 1.12 1.12
1.5 0.9 4.199999999999999 1.5 1.0 2 1.50 1.286 9.0 4.75 1.12 1.12
1.2857142857142858 0.9 4.8999999999999995 1.29 1.0 1 1.29 1.286 9.0 4.75 1.12 1.12
1.125 0.9 5.6 1.12 1.0 1 1.12 1.286 9.0 4.75 1.12 1.12
1.0 0.9 6.3 1.0 1.0 1 1.00 1.286 9.0 4.75 1.12 1.12
0.9 0.9 7.0 0.9 1.0 1 0.90 1.286 9.0 4.75 1.12 1.12
0.8181818181818182 0.9 7.699999999999999 0.82 1.0 1 0.82 1.286 9.0 4.75 1.12 1.12
0.75 0.9 8.399999999999999 0.75 1.0 1 0.75 1.286 9.0 4.75 1.12 1.12
0.6923076923076923 0.9 9.1 0.69 1.0 1 0.69 1.286 9.0 4.75 1.12 1.12
10.0 1.0 0.7 10.0 1.0 10 10.00 1.429 10.0 5.25 1.25 1.25
5.0 1.0 1.4 5.0 1.0 5 5.00 1.429 10.0 5.25 1.25 1.25
3.3333333333333335 1.0 2.0999999999999996 3.33 1.0 3 3.33 1.429 10.0 5.25 1.25 1.25
2.5 1.0 2.8 2.5 1.0 2 2.50 1.429 10.0 5.25 1.25 1.25
2.0 1.0 3.5 2.0 1.1 2 2.00 1.429 10.0 5.25 1.25 1.25
1.6666666666666667 1.0 4.199999999999999 1.67 1.1 2 1.67 1.429 10.0 5.25 1.25 1.25
1.4285714285714286 1.0 4.8999999999999995 1.43 1.1 1 1.43 1.429 10.0 5.25 1.25 1.25
1.25 1.0 5.6 1.25 1.1 1 1.25 1.429 10.0 5.25 1.25 1.25
1.1111111111111112 1.0 6.3 1.11 1.1 1 1.11 1.429 10.0 5.25 1.25 1.25
1.0 1.0 7.0 1.0 1.1 1 1.00 1.429 10.0 5.25 1.25 1.25
0.9090909090909091 1.0 7.699999999999999 0.91 1.1 1 0.91 1.429 10.0 5.25 1.25 1.25
0.8333333333333334 1.0 8.399999999999999 0.83 1.1 1 0.83 1.429 10.0 5.25 1.25 1.25
0.7692307692307693 1.0 9.1 0.77 1.1 1 0.77 1.429 10.0 5.25 1.25 1.25
11.0 1.1 0.7 11.0 1.1 11 11.00 1.571 11.0 5.75 1.38 1.38
5.5 1.1 1.4 5.5 1.1 6 5.50 1.571 11.0 5.75 1.38 1.38
3.6666666666666665 1.1 2.0999999999999996 3.67 1.1 4 3.67 1.571 11.0 5.75 1.38 1.38
2.75 1.1 2.8 2.75 1.1 3 2.75 1.571 11.0 5.75 1.38 1.38
2.2 1.1 3.5 2.2 1.2 2 2.20 1.571 11.0 5.75 1.38 1.38
1.8333333333333333 1.1 4.199999999999999 1.83 1.2 2 1.83 1.571 11.0 5.75 1.38 1.38
1.5714285714285714 1.1 4.8999999999999995 1.57 1.2 2 1.57 1.571 11.0 5.75 1.38 1.38
1.375 1.1 5.6 1.38 1.2 1 1.38 1.571 11.0 5.75 1.38 1.38
1.2222222222222223 1.1 6.3 1.22 1.2 1 1.22 1.571 11.0 5.75 1.38 1.38
1.1 1.1 7.0 1.1 1.2 1 1.10 1.571 11.0 5.75 1.38 1.38
1.0 1.1 7.699999999999999 1.0 1.2 1 1.00 1.571 11.0 5.75 1.38 1.38
0.9166666666666666 1.1 8.399999999999999 0.92 1.2 1 0.92 1.571 11.0 5.75 1.38 1.38
0.8461538461538461 1.1 9.1 0.85 1.2 1 0.85 1.571 11.0 5.75 1.38 1.38
12.0 1.2000000000000002 0.7 12.0 1.2 12 12.00 1.714 12.0 6.25 1.5 1.50
6.0 1.2000000000000002 1.4 6.0 1.2 6 6.00 1.714 12.0 6.25 1.5 1.50
4.0 1.2000000000000002 2.0999999999999996 4.0 1.2 4 4.00 1.714 12.0 6.25 1.5 1.50
3.0 1.2000000000000002 2.8 3.0 1.2 3 3.00 1.714 12.0 6.25 1.5 1.50
2.4 1.2000000000000002 3.5 2.4 1.3 2 2.40 1.714 12.0 6.25 1.5 1.50
2.0 1.2000000000000002 4.199999999999999 2.0 1.3 2 2.00 1.714 12.0 6.25 1.5 1.50
1.7142857142857142 1.2000000000000002 4.8999999999999995 1.71 1.3 2 1.71 1.714 12.0 6.25 1.5 1.50
1.5 1.2000000000000002 5.6 1.5 1.3 2 1.50 1.714 12.0 6.25 1.5 1.50
1.3333333333333333 1.2000000000000002 6.3 1.33 1.3 1 1.33 1.714 12.0 6.25 1.5 1.50
1.2 1.2000000000000002 7.0 1.2 1.3 1 1.20 1.714 12.0 6.25 1.5 1.50
1.0909090909090908 1.2000000000000002 7.699999999999999 1.09 1.3 1 1.09 1.714 12.0 6.25 1.5 1.50
1.0 1.2000000000000002 8.399999999999999 1.0 1.3 1 1.00 1.714 12.0 6.25 1.5 1.50
0.9230769230769231 1.2000000000000002 9.1 0.92 1.3 1 0.92 1.714 12.0 6.25 1.5 1.50
13.0 1.3 0.7 13.0 1.3 13 13.00 1.857 13.0 6.75 1.62 1.62
6.5 1.3 1.4 6.5 1.3 6 6.50 1.857 13.0 6.75 1.62 1.62
4.333333333333333 1.3 2.0999999999999996 4.33 1.3 4 4.33 1.857 13.0 6.75 1.62 1.62
3.25 1.3 2.8 3.25 1.3 3 3.25 1.857 13.0 6.75 1.62 1.62
2.6 1.3 3.5 2.6 1.4 3 2.60 1.857 13.0 6.75 1.62 1.62
2.1666666666666665 1.3 4.199999999999999 2.17 1.4 2 2.17 1.857 13.0 6.75 1.62 1.62
1.8571428571428572 1.3 4.8999999999999995 1.86 1.4 2 1.86 1.857 13.0 6.75 1.62 1.62
1.625 1.3 5.6 1.62 1.4 2 1.62 1.857 13.0 6.75 1.62 1.62
1.4444444444444444 1.3 6.3 1.44 1.4 1 1.44 1.857 13.0 6.75 1.62 1.62
1.3 1.3 7.0 1.3 1.4 1 1.30 1.857 13.0 6.75 1.62 1.62
1.1818181818181819 1.3 7.699999999999999 1.18 1.4 1 1.18 1.857 13.0 6.75 1.62 1.62
1.0833333333333333 1.3 8.399999999999999 1.08 1.4 1 1.08 1.857 13.0 6.75 1.62 1.62
1.0 1.3 9.1 1.0 1.4 1 1.00 1.857 13.0 6.75 1.62 1.62
14.0 1.4000000000000001 0.7 14.0 1.4 14 14.00 2.000 14.0 7.25 1.75 1.75
7.0 1.4000000000000001 1.4 7.0 1.4 7 7.00 2.000 14.0 7.25 1.75 1.75
4.666666666666667 1.4000000000000001 2.0999999999999996 4.67 1.4 5 4.67 2.000 14.0 7.25 1.75 1.75
3.5 1.4000000000000001 2.8 3.5 1.4 4 3.50 2.000 14.0 7.25 1.75 1.75
2.8 1.4000000000000001 3.5 2.8 1.5 3 2.80 2.000 14.0 7.25 1.75 1.75
2.3333333333333335 1.4000000000000001 4.199999999999999 2.33 1.5 2 2.33 2.000 14.0 7.25 1.75 1.75
2.0 1.4000000000000001 4.8999999999999995 2.0 1.5 2 2.00 2.000 14.0 7.25 1.75 1.75
1.75 1.4000000000000001 5.6 1.75 1.5 2 1.75 2.000 14.0 7.25 1.75 1.75
1.5555555555555556 1.4000000000000001 6.3 1.56 1.5 2 1.56 2.000 14.0 7.25 1.75 1.75
1.4 1.4000000000000001 7.0 1.4 1.5 1 1.40 2.000 14.0 7.25 1.75 1.75
1.2727272727272727 1.4000000000000001 7.699999999999999 1.27 1.5 1 1.27 2.000 14.0 7.25 1.75 1.75
1.1666666666666667 1.4000000000000001 8.399999999999999 1.17 1.5 1 1.17 2.000 14.0 7.25 1.75 1.75
1.0769230769230769 1.4000000000000001 9.1 1.08 1.5 1 1.08 2.000 14.0 7.25 1.75 1.75
15.0 1.5 0.7 15.0 1.5 15 15.00 2.143 15.0 7.75 1.88 1.88
7.5 1.5 1.4 7.5 1.5 8 7.50 2.143 15.0 7.75 1.88 1.88
5.0 1.5 2.0999999999999996 5.0 1.5 5 5.00 2.143 15.0 7.75 1.88 1.88
3.75 1.5 2.8 3.75 1.5 4 3.75 2.143 15.0 7.75 1.88 1.88
3.0 1.5 3.5 3.0 1.6 3 3.00 2.143 15.0 7.75 1.88 1.88
2.5 1.5 4.199999999999999 2.5 1.6 2 2.50 2.143 15.0 7.75 1.88 1.88
2.142857142857143 1.5 4.8999999999999995 2.14 1.6 2 2.14 2.143 15.0 7.75 1.88 1.88
1.875 1.5 5.6 1.88 1.6 2 1.88 2.143 15.0 7.75 1.88 1.88
1.6666666666666667 1.5 6.3 1.67 1.6 2 1.67 2.143 15.0 7.75 1.88 1.88
1.5 1.5 7.0 1.5 1.6 2 1.50 2.143 15.0 7.75 1.88 1.88
1.3636363636363635 1.5 7.699999999999999 1.36 1.6 1 1.36 2.143 14.999999999999998 7.75 1.88 1.88
1.25 1.5 8.399999999999999 1.25 1.6 1 1.25 2.143 15.0 7.75 1.88 1.88
1.1538461538461537 1.5 9.1 1.15 1.6 1 1.15 2.143 14.999999999999998 7.75 1.88 1.88
16.0 1.6 0.7 16.0 1.6 16 16.00 2.286 16.0 8.25 2.0 2.00
8.0 1.6 1.4 8.0 1.6 8 8.00 2.286 16.0 8.25 2.0 2.00
5.333333333333333 1.6 2.0999999999999996 5.33 1.6 5 5.33 2.286 16.0 8.25 2.0 2.00
4.0 1.6 2.8 4.0 1.6 4 4.00 2.286 16.0 8.25 2.0 2.00
3.2 1.6 3.5 3.2 1.7 3 3.20 2.286 16.0 8.25 2.0 2.00
2.6666666666666665 1.6 4.199999999999999 2.67 1.7 3 2.67 2.286 16.0 8.25 2.0 2.00
2.2857142857142856 1.6 4.8999999999999995 2.29 1.7 2 2.29 2.286 16.0 8.25 2.0 2.00
2.0 1.6 5.6 2.0 1.7 2 2.00 2.286 16.0 8.25 2.0 2.00
1.7777777777777777 1.6 6.3 1.78 1.7 2 1.78 2.286 16.0 8.25 2.0 2.00
1.6 1.6 7.0 1.6 1.7 2 1.60 2.286 16.0 8.25 2.0 2.00
1.4545454545454546 1.6 7.699999999999999 1.45 1.7 1 1.45 2.286 16.0 8.25 2.0 2.00
1.3333333333333333 1.6 8.399999999999999 1.33 1.7 1 1.33 2.286 16.0 8.25 2.0 2.00
1.2307692307692308 1.6 9.1 1.23 1.7 1 1.23 2.286 16.0 8.25 2.0 2.00
17.0 1.7000000000000002 0.7 17.0 1.7 17 17.00 2.429 17.0 8.75 2.12 2.12
8.5 1.7000000000000002 1.4 8.5 1.7 8 8.50 2.429 17.0 8.75 2.12 2.12
5.666666666666667 1.7000000000000002 2.0999999999999996 5.67 1.7 6 5.67 2.429 17.0 8.75 2.12 2.12
4.25 1.7000000000000002 2.8 4.25 1.7 4 4.25 2.429 17.0 8.75 2.12 2.12
3.4 1.7000000000000002 3.5 3.4 1.8 3 3.40 2.429 17.0 8.75 2.12 2.12
2.8333333333333335 1.7000000000000002 4.199999999999999 2.83 1.8 3 2.83 2.429 17.0 8.75 2.12 2.12
2.4285714285714284 1.7000000000000002 4.8999999999999995 2.43 1.8 2 2.43 2.429 17.0 8.75 2.12 2.12
2.125 1.7000000000000002 5.6 2.12 1.8 2 2.12 2.429 17.0 8.75 2.12 2.12
1.8888888888888888 1.7000000000000002 6.3 1.89 1.8 2 1.89 2.429 17.0 8.75 2.12 2.12
1.7 1.7000000000000002 7.0 1.7 1.8 2 1.70 2.429 17.0 8.75 2.12 2.12
1.5454545454545454 1.7000000000000002 7.699999999999999 1.55 1.8 2 1.55 2.429 17.0 8.75 2.12 2.12
1.4166666666666667 1.7000000000000002 8.399999999999999 1.42 1.8 1 1.42 2.429 17.0 8.75 2.12 2.12
1.3076923076923077 1.7000000000000002 9.1 1.31 1.8 1 1.31 2.429 17.0 8.75 2.12 2.12
18.0 1.8 0.7 18.0 1.8 18 18.00 2.571 18.0 9.25 2.25 2.25
9.0 1.8 1.4 9.0 1.8 9 9.00 2.571 18.0 9.25 2.25 2.25
6.0 1.8 2.0999999999999996 6.0 1.8 6 6.00 2.571 18.0 9.25 2.25 2.25
4.5 1.8 2.8 4.5 1.8 4 4.50 2.571 18.0 9.25 2.25 2.25
3.6 1.8 3.5 3.6 1.9 4 3.60 2.571 18.0 9.25 2.25 2.25
3.0 1.8 4.199999999999999 3.0 1.9 3 3.00 2.571 18.0 9.25 2.25 2.25
2.5714285714285716 1.8 4.8999999999999995 2.57 1.9 3 2.57 2.571 18.0 9.25 2.25 2.25
2.25 1.8 5.6 2.25 1.9 2 2.25 2.571 18.0 9.25 2.25 2.25
2.0 1.8 6.3 2.0 1.9 2 2.00 2.571 18.0 9.25 2.25 2.25
1.8 1.8 7.0 1.8 1.9 2 1.80 2.571 18.0 9.25 2.25 2.25
1.6363636363636365 1.8 7.699999999999999 1.64 1.9 2 1.64 2.571 18.0 9.25 2.25 2.25
1.5 1.8 8.399999999999999 1.5 1.9 2 1.50 2.571 18.0 9.25 2.25 2.25
1.3846153846153846 1.8 9.1 1.38 1.9 1 1.38 2.571 18.0 9.25 2.25 2.25
19.0 1.9000000000000001 0.7 19.0 1.9 19 19.00 2.714 19.0 9.75 2.38 2.38
9.5 1.9000000000000001 1.4 9.5 1.9 10 9.50 2.714 19.0 9.75 2.38 2.38
6.333333333333333 1.9000000000000001 2.0999999999999996 6.33 1.9 6 6.33 2.714 19.0 9.75 2.38 2.38
4.75 1.9000000000000001 2.8 4.75 1.9 5 4.75 2.714 19.0 9.75 2.38 2.38
3.8 1.9000000000000001 3.5 3.8 2.0 4 3.80 2.714 19.0 9.75 2.38 2.38
3.1666666666666665 1.9000000000000001 4.199999999999999 3.17 2.0 3 3.17 2.714 19.0 9.75 2.38 2.38
2.7142857142857144 1.9000000000000001 4.8999999999999995 2.71 2.0 3 2.71 2.714 19.0 9.75 2.38 2.38
2.375 1.9000000000000001 5.6 2.38 2.0 2 2.38 2.714 19.0 9.75 2.38 2.38
2.111111111111111 1.9000000000000001 6.3 2.11 2.0 2 2.11 2.714 19.0 9.75 2.38 2.38
1.9 1.9000000000000001 7.0 1.9 2.0 2 1.90 2.714 19.0 9.75 2.38 2.38
1.7272727272727273 1.9000000000000001 7.699999999999999 1.73 2.0 2 1.73 2.714 19.0 9.75 2.38 2.38
1.5833333333333333 1.9000000000000001 8.399999999999999 1.58 2.0 2 1.58 2.714 19.0 9.75 2.38 2.38
1.4615384615384615 1.9000000000000001 9.1 1.46 2.0 1 1.46 2.714 19.0 9.75 2.38 2.38
20.0 2.0 0.7 20.0 2.0 20 20.00 2.857 20.0 10.25 2.5 2.50
10.0 2.0 1.4 10.0 2.0 10 10.00 2.857 20.0 10.25 2.5 2.50
6.666666666666667 2.0 2.0999999999999996 6.67 2.0 7 6.67 2.857 20.0 10.25 2.5 2.50
5.0 2.0 2.8 5.0 2.0 5 5.00 2.857 20.0 10.25 2.5 2.50
4.0 2.0 3.5 4.0 2.0 4 4.00 2.857 20.0 10.25 2.5 2.50
3.3333333333333335 2.0 4.199999999999999 3.33 2.1 3 3.33 2.857 20.0 10.25 2.5 2.50
2.857142857142857 2.0 4.8999999999999995 2.86 2.1 3 2.86 2.857 20.0 10.25 2.5 2.50
2.5 2.0 5.6 2.5 2.1 2 2.50 2.857 20.0 10.25 2.5 2.50
2.2222222222222223 2.0 6.3 2.22 2.1 2 2.22 2.857 20.0 10.25 2.5 2.50
2.0 2.0 7.0 2.0 2.1 2 2.00 2.857 20.0 10.25 2.5 2.50
1.8181818181818181 2.0 7.699999999999999 1.82 2.1 2 1.82 2.857 20.0 10.25 2.5 2.50
1.6666666666666667 2.0 8.399999999999999 1.67 2.1 2 1.67 2.857 20.0 10.25 2.5 2.50
1.5384615384615385 2.0 9.1 1.54 2.1 2 1.54 2.857 20.0 10.25 2.5 2.50
21.0 2.1 0.7 21.0 2.1 21 21.00 3.000 21.0 10.75 2.62 2.62
10.5 2.1 1.4 10.5 2.1 10 10.50 3.000 21.0 10.75 2.62 2.62
7.0 2.1 2.0999999999999996 7.0 2.1 7 7.00 3.000 21.0 10.75 2.62 2.62
5.25 2.1 2.8 5.25 2.1 5 5.25 3.000 21.0 10.75 2.62 2.62
4.2 2.1 3.5 4.2 2.1 4 4.20 3.000 21.0 10.75 2.62 2.62
3.5 2.1 4.199999999999999 3.5 2.2 4 3.50 3.000 21.0 10.75 2.62 2.62
3.0 2.1 4.8999999999999995 3.0 2.2 3 3.00 3.000 21.0 10.75 2.62 2.62
2.625 2.1 5.6 2.62 2.2 3 2.62 3.000 21.0 10.75 2.62 2.62
2.3333333333333335 2.1 6.3 2.33 2.2 2 2.33 3.000 21.0 10.75 2.62 2.62
2.1 2.1 7.0 2.1 2.2 2 2.10 3.000 21.0 10.75 2.62 2.62
1.9090909090909092 2.1 7.699999999999999 1.91 2.2 2 1.91 3.000 21.0 10.75 2.62 2.62
1.75 2.1 8.399999999999999 1.75 2.2 2 1.75 3.000 21.0 10.75 2.62 2.62
1.6153846153846154 2.1 9.1 1.62 2.2 2 1.62 3.000 21.0 10.75 2.62 2.62
22.0 2.2 0.7 22.0 2.2 22 22.00 3.143 22.0 11.25 2.75 2.75
11.0 2.2 1.4 11.0 2.2 11 11.00 3.143 22.0 11.25 2.75 2.75
7.333333333333333 2.2 2.0999999999999996 7.33 2.2 7 7.33 3.143 22.0 11.25 2.75 2.75
5.5 2.2 2.8 5.5 2.2 6 5.50 3.143 22.0 11.25 2.75 2.75
4.4 2.2 3.5 4.4 2.2 4 4.40 3.143 22.0 11.25 2.75 2.75
3.6666666666666665 2.2 4.199999999999999 3.67 2.3 4 3.67 3.143 22.0 11.25 2.75 2.75
3.142857142857143 2.2 4.8999999999999995 3.14 2.3 3 3.14 3.143 22.0 11.25 2.75 2.75
2.75 2.2 5.6 2.75 2.3 3 2.75 3.143 22.0 11.25 2.75 2.75
2.4444444444444446 2.2 6.3 2.44 2.3 2 2.44 3.143 22.0 11.25 2.75 2.75
2.2 2.2 7.0 2.2 2.3 2 2.20 3.143 22.0 11.25 2.75 2.75
2.0 2.2 7.699999999999999 2.0 2.3 2 2.00 3.143 22.0 11.25 2.75 2.75
1.8333333333333333 2.2 8.399999999999999 1.83 2.3 2 1.83 3.143 22.0 11.25 2.75 2.75
1.6923076923076923 2.2 9.1 1.69 2.3 2 1.69 3.143 22.0 11.25 2.75 2.75
23.0 2.3000000000000003 0.7 23.0 2.3 23 23.00 3.286 23.0 11.75 2.88 2.88
11.5 2.3000000000000003 1.4 11.5 2.3 12 11.50 3.286 23.0 11.75 2.88 2.88
7.666666666666667 2.3000000000000003 2.0999999999999996 7.67 2.3 8 7.67 3.286 23.0 11.75 2.88 2.88
5.75 2.3000000000000003 2.8 5.75 2.3 6 5.75 3.286 23.0 11.75 2.88 2.88
4.6 2.3000000000000003 3.5 4.6 2.4 5 4.60 3.286 23.0 11.75 2.88 2.88
3.8333333333333335 2.3000000000000003 4.199999999999999 3.83 2.4 4 3.83 3.286 23.0 11.75 2.88 2.88
3.2857142857142856 2.3000000000000003 4.8999999999999995 3.29 2.4 3 3.29 3.286 23.0 11.75 2.88 2.88
2.875 2.3000000000000003 5.6 2.88 2.4 3 2.88 3.286 23.0 11.75 2.88 2.88
2.5555555555555554 2.3000000000000003 6.3 2.56 2.4 3 2.56 3.286 23.0 11.75 2.88 2.88
2.3 2.3000000000000003 7.0 2.3 2.4 2 2.30 3.286 23.0 11.75 2.88 2.88
2.090909090909091 2.3000000000000003 7.699999999999999 2.09 2.4 2 2.09 3.286 23.0 11.75 2.88 2.88
1.9166666666666667 2.3000000000000003 8.399999999999999 1.92 2.4 2 1.92 3.286 23.0 11.75 2.88 2.88
1.7692307692307692 2.3000000000000003 9.1 1.77 2.4 2 1.77 3.286 23.0 11.75 2.88 2.88
24.0 2.4000000000000004 0.7 24.0 2.4 24 24.00 3.429 24.0 12.25 3.0 3.00
12.0 2.4000000000000004 1.4 12.0 2.4 12 12.00 3.429 24.0 12.25 3.0 3.00
8.0 2.4000000000000004 2.0999999999999996 8.0 2.4 8 8.00 3.429 24.0 12.25 3.0 3.00
6.0 2.4000000000000004 2.8 6.0 2.4 6 6.00 3.429 24.0 12.25 3.0 3.00
4.8 2.4000000000000004 3.5 4.8 2.5 5 4.80 3.429 24.0 12.25 3.0 3.00
4.0 2.4000000000000004 4.199999999999999 4.0 2.5 4 4.00 3.429 24.0 12.25 3.0 3.00
3.4285714285714284 2.4000000000000004 4.8999999999999995 3.43 2.5 3 3.43 3.429 24.0 12.25 3.0 3.00
3.0 2.4000000000000004 5.6 3.0 2.5 3 3.00 3.429 24.0 12.25 3.0 3.00
2.6666666666666665 2.4000000000000004 6.3 2.67 2.5 3 2.67 3.429 24.0 12.25 3.0 3.00
2.4 2.4000000000000004 7.0 2.4 2.5 2 2.40 3.429 24.0 12.25 3.0 3.00
2.1818181818181817 2.4000000000000004 7.699999999999999 2.18 2.5 2 2.18 3.429 24.0 12.25 3.0 3.00
2.0 2.4000000000000004 8.399999999999999 2.0 2.5 2 2.00 3.429 24.0 12.25 3.0 3.00
1.8461538461538463 2.4000000000000004 9.1 1.85 2.5 2 1.85 3.429 24.0 12.25 3.0 3.00
25.0 2.5 0.7 25.0 2.5 25 25.00 3.571 25.0 12.75 3.12 3.12
12.5 2.5 1.4 12.5 2.5 12 12.50 3.571 25.0 12.75 3.12 3.12
8.333333333333334 2.5 2.0999999999999996 8.33 2.5 8 8.33 3.571 25.0 12.75 3.12 3.12
6.25 2.5 2.8 6.25 2.5 6 6.25 3.571 25.0 12.75 3.12 3.12
5.0 2.5 3.5 5.0 2.5 5 5.00 3.571 25.0 12.75 3.12 3.12
4.166666666666667 2.5 4.199999999999999 4.17 2.6 4 4.17 3.571 25.0 12.75 3.12 3.12
3.5714285714285716 2.5 4.8999999999999995 3.57 2.6 4 3.57 3.571 25.0 12.75 3.12 3.12
3.125 2.5 5.6 3.12 2.6 3 3.12 3.571 25.0 12.75 3.12 3.12
2.7777777777777777 2.5 6.3 2.78 2.6 3 2.78 3.571 25.0 12.75 3.12 3.12
2.5 2.5 7.0 2.5 2.6 2 2.50 3.571 25.0 12.75 3.12 3.12
2.272727272727273 2.5 7.699999999999999 2.27 2.6 2 2.27 3.571 25.000000000000004 12.75 3.12 3.12
2.0833333333333335 2.5 8.399999999999999 2.08 2.6 2 2.08 3.571 25.0 12.75 3.12 3.12
1.9230769230769231 2.5 9.1 1.92 2.6 2 1.92 3.571 25.0 12.75 3.12 3.12
26.0 2.6 0.7 26.0 2.6 26 26.00 3.714 26.0 13.25 3.25 3.25
13.0 2.6 1.4 13.0 2.6 13 13.00 3.714 26.0 13.25 3.25 3.25
8.666666666666666 2.6 2.0999999999999996 8.67 2.6 9 8.67 3.714 26.0 13.25 3.25 3.25
6.5 2.6 2.8 6.5 2.6 6 6.50 3.714 26.0 13.25 3.25 3.25
5.2 2.6 3.5 5.2 2.6 5 5.20 3.714 26.0 13.25 3.25 3.25
4.333333333333333 2.6 4.199999999999999 4.33 2.7 4 4.33 3.714 26.0 13.25 3.25 3.25
3.7142857142857144 2.6 4.8999999999999995 3.71 2.7 4 3.71 3.714 26.0 13.25 3.25 3.25
3.25 2.6 5.6 3.25 2.7 3 3.25 3.714 26.0 13.25 3.25 3.25
2.888888888888889 2.6 6.3 2.89 2.7 3 2.89 3.714 26.0 13.25 3.25 3.25
2.6 2.6 7.0 2.6 2.7 3 2.60 3.714 26.0 13.25 3.25 3.25
2.3636363636363638 2.6 7.699999999999999 2.36 2.7 2 2.36 3.714 26.0 13.25 3.25 3.25
2.1666666666666665 2.6 8.399999999999999 2.17 2.7 2 2.17 3.714 26.0 13.25 3.25 3.25
2.0 2.6 9.1 2.0 2.7 2 2.00 3.714 26.0 13.25 3.25 3.25
27.0 2.7 0.7 27.0 2.7 27 27.00 3.857 27.0 13.75 3.38 3.38
13.5 2.7 1.4 13.5 2.7 14 13.50 3.857 27.0 13.75 3.38 3.38
9.0 2.7 2.0999999999999996 9.0 2.7 9 9.00 3.857 27.0 13.75 3.38 3.38
6.75 2.7 2.8 6.75 2.7 7 6.75 3.857 27.0 13.75 3.38 3.38
5.4 2.7 3.5 5.4 2.8 5 5.40 3.857 27.0 13.75 3.38 3.38
4.5 2.7 4.199999999999999 4.5 2.8 4 4.50 3.857 27.0 13.75 3.38 3.38
3.857142857142857 2.7 4.8999999999999995 3.86 2.8 4 3.86 3.857 27.0 13.75 3.38 3.38
3.375 2.7 5.6 3.38 2.8 3 3.38 3.857 27.0 13.75 3.38 3.38
3.0 2.7 6.3 3.0 2.8 3 3.00 3.857 27.0 13.75 3.38 3.38
2.7 2.7 7.0 2.7 2.8 3 2.70 3.857 27.0 13.75 3.38 3.38
2.4545454545454546 2.7 7.699999999999999 2.45 2.8 2 2.45 3.857 27.0 13.75 3.38 3.38
2.25 2.7 8.399999999999999 2.25 2.8 2 2.25 3.857 27.0 13.75 3.38 3.38
2.076923076923077 2.7 9.1 2.08 2.8 2 2.08 3.857 27.000000000000004 13.75 3.38 3.38
28.0 2.8000000000000003 0.7 28.0 2.8 28 28.00 4.000 28.0 14.25 3.5 3.50
14.0 2.8000000000000003 1.4 14.0 2.8 14 14.00 4.000 28.0 14.25 3.5 3.50
9.333333333333334 2.8000000000000003 2.0999999999999996 9.33 2.8 9 9.33 4.000 28.0 14.25 3.5 3.50
7.0 2.8000000000000003 2.8 7.0 2.8 7 7.00 4.000 28.0 14.25 3.5 3.50
5.6 2.8000000000000003 3.5 5.6 2.9 6 5.60 4.000 28.0 14.25 3.5 3.50
4.666666666666667 2.8000000000000003 4.199999999999999 4.67 2.9 5 4.67 4.000 28.0 14.25 3.5 3.50
4.0 2.8000000000000003 4.8999999999999995 4.0 2.9 4 4.00 4.000 28.0 14.25 3.5 3.50
3.5 2.8000000000000003 5.6 3.5 2.9 4 3.50 4.000 28.0 14.25 3.5 3.50
3.111111111111111 2.8000000000000003 6.3 3.11 2.9 3 3.11 4.000 28.0 14.25 3.5 3.50
2.8 2.8000000000000003 7.0 2.8 2.9 3 2.80 4.000 28.0 14.25 3.5 3.50
2.5454545454545454 2.8000000000000003 7.699999999999999 2.55 2.9 3 2.55 4.000 28.0 14.25 3.5 3.50
2.3333333333333335 2.8000000000000003 8.399999999999999 2.33 2.9 2 2.33 4.000 28.0 14.25 3.5 3.50
2.1538461538461537 2.8000000000000003 9.1 2.15 2.9 2 2.15 4.000 28.0 14.25 3.5 3.50
29.0 2.9000000000000004 0.7 29.0 2.9 29 29.00 4.143 29.0 14.75 3.62 3.62
14.5 2.9000000000000004 1.4 14.5 2.9 14 14.50 4.143 29.0 14.75 3.62 3.62
9.666666666666666 2.9000000000000004 2.0999999999999996 9.67 2.9 10 9.67 4.143 29.0 14.75 3.62 3.62
7.25 2.9000000000000004 2.8 7.25 2.9 7 7.25 4.143 29.0 14.75 3.62 3.62
5.8 2.9000000000000004 3.5 5.8 3.0 6 5.80 4.143 29.0 14.75 3.62 3.62
4.833333333333333 2.9000000000000004 4.199999999999999 4.83 3.0 5 4.83 4.143 29.0 14.75 3.62 3.62
4.142857142857143 2.9000000000000004 4.8999999999999995 4.14 3.0 4 4.14 4.143 29.000000000000004 14.75 3.62 3.62
3.625 2.9000000000000004 5.6 3.62 3.0 4 3.62 4.143 29.0 14.75 3.62 3.62
3.2222222222222223 2.9000000000000004 6.3 3.22 3.0 3 3.22 4.143 29.0 14.75 3.62 3.62
2.9 2.9000000000000004 7.0 2.9 3.0 3 2.90 4.143 29.0 14.75 3.62 3.62
2.6363636363636362 2.9000000000000004 7.699999999999999 2.64 3.0 3 2.64 4.143 29.0 14.75 3.62 3.62
2.4166666666666665 2.9000000000000004 8.399999999999999 2.42 3.0 2 2.42 4.143 29.0 14.75 3.62 3.62
2.230769230769231 2.9000000000000004 9.1 2.23 3.0 2 2.23 4.143 29.0 14.75 3.62 3.62
30.0 3.0 0.7 30.0 3.0 30 30.00 4.286 30.0 15.25 3.75 3.75
15.0 3.0 1.4 15.0 3.0 15 15.00 4.286 30.0 15.25 3.75 3.75
10.0 3.0 2.0999999999999996 10.0 3.0 10 10.00 4.286 30.0 15.25 3.75 3.75
7.5 3.0 2.8 7.5 3.0 8 7.50 4.286 30.0 15.25 3.75 3.75
6.0 3.0 3.5 6.0 3.0 6 6.00 4.286 30.0 15.25 3.75 3.75
5.0 3.0 4.199999999999999 5.0 3.1 5 5.00 4.286 30.0 15.25 3.75 3.75
4.285714285714286 3.0 4.8999999999999995 4.29 3.1 4 4.29 4.286 30.0 15.25 3.75 3.75
3.75 3.0 5.6 3.75 3.1 4 3.75 4.286 30.0 15.25 3.75 3.75
3.3333333333333335 3.0 6.3 3.33 3.1 3 3.33 4.286 30.0 15.25 3.75 3.75
3.0 3.0 7.0 3.0 3.1 3 3.00 4.286 30.0 15.25 3.75 3.75
2.727272727272727 3.0 7.699999999999999 2.73 3.1 3 2.73 4.286 29.999999999999996 15.25 3.75 3.75
2.5 3.0 8.399999999999999 2.5 3.1 2 2.50 4.286 30.0 15.25 3.75 3.75
2.3076923076923075 3.0 9.1 2.31 3.1 2 2.31 4.286 29.999999999999996 15.25 3.75 3.75
31.0 3.1 0.7 31.0 3.1 31 31.00 4.429 31.0 15.75 3.88 3.88
15.5 3.1 1.4 15.5 3.1 16 15.50 4.429 31.0 15.75 3.88 3.88
10.333333333333334 3.1 2.0999999999999996 10.33 3.1 10 10.33 4.429 31.0 15.75 3.88 3.88
7.75 3.1 2.8 7.75 3.1 8 7.75 4.429 31.0 15.75 3.88 3.88
6.2 3.1 3.5 6.2 3.1 6 6.20 4.429 31.0 15.75 3.88 3.88
5.166666666666667 3.1 4.199999999999999 5.17 3.2 5 5.17 4.429 31.0 15.75 3.88 3.88
4.428571428571429 3.1 4.8999999999999995 4.43 3.2 4 4.43 4.429 31.0 15.75 3.88 3.88
3.875 3.1 5.6 3.88 3.2 4 3.88 4.429 31.0 15.75 3.88 3.88
3.4444444444444446 3.1 6.3 3.44 3.2 3 3.44 4.429 31.0 15.75 3.88 3.88
3.1 3.1 7.0 3.1 3.2 3 3.10 4.429 31.0 15.75 3.88 3.88
2.8181818181818183 3.1 7.699999999999999 2.82 3.2 3 2.82 4.429 31.0 15.75 3.88 3.88
2.5833333333333335 3.1 8.399999999999999 2.58 3.2 3 2.58 4.429 31.0 15.75 3.88 3.88
2.3846153846153846 3.1 9.1 2.38 3.2 2 2.38 4.429 31.0 15.75 3.88 3.88
32.0 3.2 0.7 32.0 3.2 32 32.00 4.571 32.0 16.25 4.0 4.00
16.0 3.2 1.4 16.0 3.2 16 16.00 4.571 32.0 16.25 4.0 4.00
10.666666666666666 3.2 2.0999999999999996 10.67 3.2 11 10.67 4.571 32.0 16.25 4.0 4.00
8.0 3.2 2.8 8.0 3.2 8 8.00 4.571 32.0 16.25 4.0 4.00
6.4 3.2 3.5 6.4 3.2 6 6.40 4.571 32.0 16.25 4.0 4.00
5.333333333333333 3.2 4.199999999999999 5.33 3.3 5 5.33 4.571 32.0 16.25 4.0 4.00
4.571428571428571 3.2 4.8999999999999995 4.57 3.3 5 4.57 4.571 32.0 16.25 4.0 4.00
4.0 3.2 5.6 4.0 3.3 4 4.00 4.571 32.0 16.25 4.0 4.00
3.5555555555555554 3.2 6.3 3.56 3.3 4 3.56 4.571 32.0 16.25 4.0 4.00
3.2 3.2 7.0 3.2 3.3 3 3.20 4.571 32.0 16.25 4.0 4.00
2.909090909090909 3.2 7.699999999999999 2.91 3.3 3 2.91 4.571 32.0 16.25 4.0 4.00
2.6666666666666665 3.2 8.399999999999999 2.67 3.3 3 2.67 4.571 32.0 16.25 4.0 4.00
2.4615384615384617 3.2 9.1 2.46 3.3 2 2.46 4.571 32.0 16.25 4.0 4.00
33.0 3.3000000000000003 0.7 33.0 3.3 33 33.00 4.714 33.0 16.75 4.12 4.12
16.5 3.3000000000000003 1.4 16.5 3.3 16 16.50 4.714 33.0 16.75 4.12 4.12
11.0 3.3000000000000003 2.0999999999999996 11.0 3.3 11 11.00 4.714 33.0 16.75 4.12 4.12
8.25 3.3000000000000003 2.8 8.25 3.3 8 8.25 4.714 33.0 16.75 4.12 4.12
6.6 3.3000000000000003 3.5 6.6 3.4 7 6.60 4.714 33.0 16.75 4.12 4.12
5.5 3.3000000000000003 4.199999999999999 5.5 3.4 6 5.50 4.714 33.0 16.75 4.12 4.12
4.714285714285714 3.3000000000000003 4.8999999999999995 4.71 3.4 5 4.71 4.714 33.0 16.75 4.12 4.12
4.125 3.3000000000000003 5.6 4.12 3.4 4 4.12 4.714 33.0 16.75 4.12 4.12
3.6666666666666665 3.3000000000000003 6.3 3.67 3.4 4 3.67 4.714 33.0 16.75 4.12 4.12
3.3 3.3000000000000003 7.0 3.3 3.4 3 3.30 4.714 33.0 16.75 4.12 4.12
3.0 3.3000000000000003 7.699999999999999 3.0 3.4 3 3.00 4.714 33.0 16.75 4.12 4.12
2.75 3.3000000000000003 8.399999999999999 2.75 3.4 3 2.75 4.714 33.0 16.75 4.12 4.12
2.5384615384615383 3.3000000000000003 9.1 2.54 3.4 3 2.54 4.714 33.0 16.75 4.12 4.12
34.0 3.4000000000000004 0.7 34.0 3.4 34 34.00 4.857 34.0 17.25 4.25 4.25
17.0 3.4000000000000004 1.4 17.0 3.4 17 17.00 4.857 34.0 17.25 4.25 4.25
11.333333333333334 3.4000000000000004 2.0999999999999996 11.33 3.4 11 11.33 4.857 34.0 17.25 4.25 4.25
8.5 3.4000000000000004 2.8 8.5 3.4 8 8.50 4.857 34.0 17.25 4.25 4.25
6.8 3.4000000000000004 3.5 6.8 3.5 7 6.80 4.857 34.0 17.25 4.25 4.25
5.666666666666667 3.4000000000000004 4.199999999999999 5.67 3.5 6 5.67 4.857 34.0 17.25 4.25 4.25
4.857142857142857 3.4000000000000004 4.8999999999999995 4.86 3.5 5 4.86 4.857 34.0 17.25 4.25 4.25
4.25 3.4000000000000004 5.6 4.25 3.5 4 4.25 4.857 34.0 17.25 4.25 4.25
3.7777777777777777 3.4000000000000004 6.3 3.78 3.5 4 3.78 4.857 34.0 17.25 4.25 4.25
3.4 3.4000000000000004 7.0 3.4 3.5 3 3.40 4.857 34.0 17.25 4.25 4.25
3.090909090909091 3.4000000000000004 7.699999999999999 3.09 3.5 3 3.09 4.857 34.0 17.25 4.25 4.25
2.8333333333333335 3.4000000000000004 8.399999999999999 2.83 3.5 3 2.83 4.857 34.0 17.25 4.25 4.25
2.6153846153846154 3.4000000000000004 9.1 2.62 3.5 3 2.62 4.857 34.0 17.25 4.25 4.25
35.0 3.5 0.7 35.0 3.5 35 35.00 5.000 35.0 17.75 4.38 4.38
17.5 3.5 1.4 17.5 3.5 18 17.50 5.000 35.0 17.75 4.38 4.38
11.666666666666666 3.5 2.0999999999999996 11.67 3.5 12 11.67 5.000 35.0 17.75 4.38 4.38
8.75 3.5 2.8 8.75 3.5 9 8.75 5.000 35.0 17.75 4.38 4.38
7.0 3.5 3.5 7.0 3.5 7 7.00 5.000 35.0 17.75 4.38 4.38
5.833333333333333 3.5 4.199999999999999 5.83 3.6 6 5.83 5.000 35.0 17.75 4.38 4.38
5.0 3.5 4.8999999999999995 5.0 3.6 5 5.00 5.000 35.0 17.75 4.38 4.38
4.375 3.5 5.6 4.38 3.6 4 4.38 5.000 35.0 17.75 4.38 4.38
3.888888888888889 3.5 6.3 3.89 3.6 4 3.89 5.000 35.0 17.75 4.38 4.38
3.5 3.5 7.0 3.5 3.6 4 3.50 5.000 35.0 17.75 4.38 4.38
3.1818181818181817 3.5 7.699999999999999 3.18 3.6 3 3.18 5.000 35.0 17.75 4.38 4.38
2.9166666666666665 3.5 8.399999999999999 2.92 3.6 3 2.92 5.000 35.0 17.75 4.38 4.38
2.6923076923076925 3.5 9.1 2.69 3.6 3 2.69 5.000 35.0 17.75 4.38 4.38
36.0 3.6 0.7 36.0 3.6 36 36.00 5.143 36.0 18.25 4.5 4.50
18.0 3.6 1.4 18.0 3.6 18 18.00 5.143 36.0 18.25 4.5 4.50
12.0 3.6 2.0999999999999996 12.0 3.6 12 12.00 5.143 36.0 18.25 4.5 4.50
9.0 3.6 2.8 9.0 3.6 9 9.00 5.143 36.0 18.25 4.5 4.50
7.2 3.6 3.5 7.2 3.6 7 7.20 5.143 36.0 18.25 4.5 4.50
6.0 3.6 4.199999999999999 6.0 3.7 6 6.00 5.143 36.0 18.25 4.5 4.50
5.142857142857143 3.6 4.8999999999999995 5.14 3.7 5 5.14 5.143 36.0 18.25 4.5 4.50
4.5 3.6 5.6 4.5 3.7 4 4.50 5.143 36.0 18.25 4.5 4.50
4.0 3.6 6.3 4.0 3.7 4 4.00 5.143 36.0 18.25 4.5 4.50
3.6 3.6 7.0 3.6 3.7 4 3.60 5.143 36.0 18.25 4.5 4.50
3.272727272727273 3.6 7.699999999999999 3.27 3.7 3 3.27 5.143 36.0 18.25 4.5 4.50
3.0 3.6 8.399999999999999 3.0 3.7 3 3.00 5.143 36.0 18.25 4.5 4.50
2.769230769230769 3.6 9.1 2.77 3.7 3 2.77 5.143 36.0 18.25 4.5 4.50
37.0 3.7 0.7 37.0 3.7 37 37.00 5.286 37.0 18.75 4.62 4.62
18.5 3.7 1.4 18.5 3.7 18 18.50 5.286 37.0 18.75 4.62 4.62
12.333333333333334 3.7 2.0999999999999996 12.33 3.7 12 12.33 5.286 37.0 18.75 4.62 4.62
9.25 3.7 2.8 9.25 3.7 9 9.25 5.286 37.0 18.75 4.62 4.62
7.4 3.7 3.5 7.4 3.8 7 7.40 5.286 37.0 18.75 4.62 4.62
6.166666666666667 3.7 4.199999999999999 6.17 3.8 6 6.17 5.286 37.0 18.75 4.62 4.62
5.285714285714286 3.7 4.8999999999999995 5.29 3.8 5 5.29 5.286 37.0 18.75 4.62 4.62
4.625 3.7 5.6 4.62 3.8 5 4.62 5.286 37.0 18.75 4.62 4.62
4.111111111111111 3.7 6.3 4.11 3.8 4 4.11 5.286 37.0 18.75 4.62 4.62
3.7 3.7 7.0 3.7 3.8 4 3.70 5.286 37.0 18.75 4.62 4.62
3.3636363636363638 3.7 7.699999999999999 3.36 3.8 3 3.36 5.286 37.0 18.75 4.62 4.62
3.0833333333333335 3.7 8.399999999999999 3.08 3.8 3 3.08 5.286 37.0 18.75 4.62 4.62
2.8461538461538463 3.7 9.1 2.85 3.8 3 2.85 5.286 37.0 18.75 4.62 4.62
38.0 3.8000000000000003 0.7 38.0 3.8 38 38.00 5.429 38.0 19.25 4.75 4.75
19.0 3.8000000000000003 1.4 19.0 3.8 19 19.00 5.429 38.0 19.25 4.75 4.75
12.666666666666666 3.8000000000000003 2.0999999999999996 12.67 3.8 13 12.67 5.429 38.0 19.25 4.75 4.75
9.5 3.8000000000000003 2.8 9.5 3.8 10 9.50 5.429 38.0 19.25 4.75 4.75
7.6 3.8000000000000003 3.5 7.6 3.9 8 7.60 5.429 38.0 19.25 4.75 4.75
6.333333333333333 3.8000000000000003 4.199999999999999 6.33 3.9 6 6.33 5.429 38.0 19.25 4.75 4.75
5.428571428571429 3.8000000000000003 4.8999999999999995 5.43 3.9 5 5.43 5.429 38.0 19.25 4.75 4.75
4.75 3.8000000000000003 5.6 4.75 3.9 5 4.75 5.429 38.0 19.25 4.75 4.75
4.222222222222222 3.8000000000000003 6.3 4.22 3.9 4 4.22 5.429 38.0 19.25 4.75 4.75
3.8 3.8000000000000003 7.0 3.8 3.9 4 3.80 5.429 38.0 19.25 4.75 4.75
3.4545454545454546 3.8000000000000003 7.699999999999999 3.45 3.9 3 3.45 5.429 38.0 19.25 4.75 4.75
3.1666666666666665 3.8000000000000003 8.399999999999999 3.17 3.9 3 3.17 5.429 38.0 19.25 4.75 4.75
2.923076923076923 3.8000000000000003 9.1 2.92 3.9 3 2.92 5.429 38.0 19.25 4.75 4.75
39.0 3.9000000000000004 0.7 39.0 3.9 39 39.00 5.571 39.0 19.75 4.88 4.88
19.5 3.9000000000000004 1.4 19.5 3.9 20 19.50 5.571 39.0 19.75 4.88 4.88
13.0 3.9000000000000004 2.0999999999999996 13.0 3.9 13 13.00 5.571 39.0 19.75 4.88 4.88
9.75 3.9000000000000004 2.8 9.75 3.9 10 9.75 5.571 39.0 19.75 4.88 4.88
7.8 3.9000000000000004 3.5 7.8 4.0 8 7.80 5.571 39.0 19.75 4.88 4.88
6.5 3.9000000000000004 4.199999999999999 6.5 4.0 6 6.50 5.571 39.0 19.75 4.88 4.88
5.571428571428571 3.9000000000000004 4.8999999999999995 5.57 4.0 6 5.57 5.571 39.0 19.75 4.88 4.88
4.875 3.9000000000000004 5.6 4.88 4.0 5 4.88 5.571 39.0 19.75 4.88 4.88
4.333333333333333 3.9000000000000004 6.3 4.33 4.0 4 4.33 5.571 39.0 19.75 4.88 4.88
3.9 3.9000000000000004 7.0 3.9 4.0 4 3.90 5.571 39.0 19.75 4.88 4.88
3.5454545454545454 3.9000000000000004 7.699999999999999 3.55 4.0 4 3.55 5.571 39.0 19.75 4.88 4.88
3.25 3.9000000000000004 8.399999999999999 3.25 4.0 3 3.25 5.571 39.0 19.75 4.88 4.88
3.0 3.9000000000000004 9.1 3.0 4.0 3 3.00 5.571 39.0 19.75 4.88 4.88
40.0 4.0 0.7 40.0 4.0 40 40.00 5.714 40.0 20.25 5.0 5.00
20.0 4.0 1.4 20.0 4.0 20 20.00 5.714 40.0 20.25 5.0 5.00
13.333333333333334 4.0 2.0999999999999996 13.33 4.0 13 13.33 5.714 40.0 20.25 5.0 5.00
10.0 4.0 2.8 10.0 4.0 10 10.00 5.714 40.0 20.25 5.0 5.00
8.0 4.0 3.5 8.0 4.0 8 8.00 5.714 40.0 20.25 5.0 5.00
6.666666666666667 4.0 4.199999999999999 6.67 4.1 7 6.67 5.714 40.0 20.25 5.0 5.00
5.714285714285714 4.0 4.8999999999999995 5.71 4.1 6 5.71 5.714 40.0 20.25 5.0 5.00
5.0 4.0 5.6 5.0 4.1 5 5.00 5.714 40.0 20.25 5.0 5.00
4.444444444444445 4.0 6.3 4.44 4.1 4 4.44 5.714 40.0 20.25 5.0 5.00
4.0 4.0 7.0 4.0 4.1 4 4.00 5.714 40.0 20.25 5.0 5.00
3.6363636363636362 4.0 7.699999999999999 3.64 4.1 4 3.64 5.714 40.0 20.25 5.0 5.00
3.3333333333333335 4.0 8.399999999999999 3.33 4.1 3 3.33 5.714 40.0 20.25 5.0 5.00
3.076923076923077 4.0 9.1 3.08 4.1 3 3.08 5.714 40.0 20.25 5.0 5.00
0.30000000000000004 1e+16 1e-05 1.4142135623730951 3.3333333333333335 -3.5 3.3000000000000003
